#-----------------------------------------------------------
# Vivado v2024.1 (64-bit)
# SW Build 5076996 on Wed May 22 18:37:14 MDT 2024
# IP Build 5075265 on Wed May 22 21:45:21 MDT 2024
# SharedData Build 5076995 on Wed May 22 18:29:18 MDT 2024
# Start of session at: Fri Dec 27 01:57:28 2024
# Process ID: 13320
# Current directory: E:/EclypseZ7/vivado24port/uart2_2019_1/uart2_2019_1.runs/impl_1
# Command line: vivado.exe -log design_2_wrapper.vdi -applog -product Vivado -messageDb vivado.pb -mode batch -source design_2_wrapper.tcl -notrace
# Log file: E:/EclypseZ7/vivado24port/uart2_2019_1/uart2_2019_1.runs/impl_1/design_2_wrapper.vdi
# Journal file: E:/EclypseZ7/vivado24port/uart2_2019_1/uart2_2019_1.runs/impl_1\vivado.jou
# Running On        :lappy
# Platform          :Windows Server 2016 or Windows 10
# Operating System  :26100
# Processor Detail  :AMD Ryzen 7 5700U with Radeon Graphics         
# CPU Frequency     :1797 MHz
# CPU Physical cores:8
# CPU Logical cores :16
# Host memory       :16441 MB
# Swap memory       :5235 MB
# Total Virtual     :21677 MB
# Available Virtual :4312 MB
#-----------------------------------------------------------
source design_2_wrapper.tcl -notrace
